
> test
> node --test tests/*.test.mjs

node:internal/modules/esm/resolve:271
    throw new ERR_MODULE_NOT_FOUND(
          ^

Error [ERR_MODULE_NOT_FOUND]: Cannot find module 'D:\Desktop-Archive\manabi-quest\js\battle.js' imported from D:\Desktop-Archive\manabi-quest\tests\battle.test.mjs
    at finalizeResolution (node:internal/modules/esm/resolve:271:11)
    at moduleResolve (node:internal/modules/esm/resolve:865:10)
    at defaultResolve (node:internal/modules/esm/resolve:992:11)
    at #cachedDefaultResolve (node:internal/modules/esm/loader:691:20)
    at #resolveAndMaybeBlockOnLoaderThread (node:internal/modules/esm/loader:708:38)
    at ModuleLoader.resolveSync (node:internal/modules/esm/loader:740:52)
    at #resolve (node:internal/modules/esm/loader:673:17)
    at ModuleLoader.getOrCreateModuleJob (node:internal/modules/esm/loader:593:35)
    at ModuleJob.syncLink (node:internal/modules/esm/module_job:163:33)
    at ModuleJob.link (node:internal/modules/esm/module_job:253:17) {
  code: 'ERR_MODULE_NOT_FOUND',
  url: 'file:///D:/Desktop-Archive/manabi-quest/js/battle.js'
}

Node.js v24.16.0
✖ tests\battle.test.mjs (183.941ms)
✔ rng=0 なら先頭のNが出る(重み順に消費される) (1.4135ms)
✔ rng=0.999999 なら末尾のモンスターが出る (0.3056ms)
✔ レア度の出現比率がおおむね N70:R25:SR5 になる (58.7916ms)
✔ add-carry は必ずくり上がりになる(答え11〜18) (5.6078ms)
✔ sub-borrow は必ずくり下がりになる (4.3862ms)
✔ kuku の答えは正しい(1〜9の段) (0.9919ms)
✔ div-basic は必ずわり切れる (0.8158ms)
✔ 全スキルが解説つきの問題を返す (0.4319ms)
✔ generateSession は学年のスキルだけで指定数を返す (0.3232ms)
✔ 未知のスキルはエラー (0.5688ms)
✔ モンスターは20体で、idが重複しない (1.39ms)
✔ 全モンスターが必須フィールドを持つ (0.4355ms)
✔ レア度の構成: SR2体・R8体・N10体 (0.3208ms)
✔ todayString はローカル日付をYYYY-MM-DDで返す (2.7589ms)
✔ 初回プレイで streak=1 (1.37ms)
✔ 同じ日に2回やっても増えない (0.4177ms)
✔ 昨日やっていれば +1 (0.2398ms)
✔ 月またぎでも昨日判定できる (0.3617ms)
✔ 1日以上あくと 1 にリセット (0.2139ms)
ℹ tests 20
ℹ suites 0
ℹ pass 19
ℹ fail 1
ℹ cancelled 0
ℹ skipped 0
ℹ todo 0
ℹ duration_ms 569.2252

✖ failing tests:

test at tests\battle.test.mjs:1:1
✖ tests\battle.test.mjs (183.941ms)
  'test failed'
